\BOOKMARK [0][-]{figure.caption.1}{\376\377\000D\000A\000F\000T\000A\000R\000\040\000G\000A\000M\000B\000A\000R}{}% 1
\BOOKMARK [0][-]{figure.caption.1}{\376\377\000D\000A\000F\000T\000A\000R\000\040\000T\000A\000B\000E\000L}{}% 2
\BOOKMARK [0][-]{chapter*.2}{\376\377\000=\000D\000A\000F\000T\000A\000R\000\040\000K\000O\000D\000E}{}% 3
\BOOKMARK [0][-]{chapter.1}{\376\377\000P\000E\000N\000D\000A\000H\000U\000L\000U\000A\000N}{}% 4
\BOOKMARK [1][-]{section.1.1}{\376\377\000L\000a\000t\000a\000r\000\040\000B\000e\000l\000a\000k\000a\000n\000g}{chapter.1}% 5
\BOOKMARK [1][-]{section.1.2}{\376\377\000R\000u\000m\000u\000s\000a\000n\000\040\000M\000a\000s\000a\000l\000a\000h}{chapter.1}% 6
\BOOKMARK [1][-]{section.1.3}{\376\377\000T\000u\000j\000u\000a\000n}{chapter.1}% 7
\BOOKMARK [1][-]{section.1.4}{\376\377\000B\000a\000t\000a\000s\000a\000n\000\040\000M\000a\000s\000a\000l\000a\000h}{chapter.1}% 8
\BOOKMARK [1][-]{section.1.5}{\376\377\000M\000e\000t\000o\000d\000o\000l\000o\000g\000i}{chapter.1}% 9
\BOOKMARK [2][-]{subsection.1.5.1}{\376\377\000M\000e\000t\000o\000d\000o\000l\000o\000g\000i\000\040\000P\000e\000n\000e\000l\000i\000t\000i\000a\000n}{section.1.5}% 10
\BOOKMARK [2][-]{subsection.1.5.2}{\376\377\000M\000e\000t\000o\000d\000o\000l\000o\000g\000i\000\040\000P\000e\000n\000g\000e\000m\000b\000a\000n\000g\000a\000n}{section.1.5}% 11
\BOOKMARK [0][-]{chapter.2}{\376\377\000S\000T\000U\000D\000I\000\040\000L\000I\000T\000E\000R\000A\000T\000U\000R}{}% 12
\BOOKMARK [1][-]{section.2.1}{\376\377\000I\000n\000f\000o\000r\000m\000a\000t\000i\000o\000n\000\040\000O\000v\000e\000r\000l\000o\000a\000d\000\040\000d\000a\000n\000\040\000C\000o\000g\000n\000i\000t\000i\000v\000e\000\040\000L\000o\000a\000d\000\040\000T\000h\000e\000o\000r\000y}{chapter.2}% 13
\BOOKMARK [2][-]{subsection.2.1.1}{\376\377\000K\000o\000n\000s\000e\000p\000\040\000d\000a\000n\000\040\000D\000a\000m\000p\000a\000k\000\040\000I\000n\000f\000o\000r\000m\000a\000t\000i\000o\000n\000\040\000O\000v\000e\000r\000l\000o\000a\000d}{section.2.1}% 14
\BOOKMARK [2][-]{subsection.2.1.2}{\376\377\000L\000a\000n\000d\000a\000s\000a\000n\000\040\000T\000e\000o\000r\000i\000:\000\040\000C\000o\000g\000n\000i\000t\000i\000v\000e\000\040\000L\000o\000a\000d\000\040\000T\000h\000e\000o\000r\000y}{section.2.1}% 15
\BOOKMARK [2][-]{subsection.2.1.3}{\376\377\000E\000k\000o\000n\000o\000m\000i\000\040\000P\000e\000r\000h\000a\000t\000i\000a\000n\000\040\000d\000i\000\040\000M\000e\000d\000i\000a\000\040\000S\000o\000s\000i\000a\000l}{section.2.1}% 16
\BOOKMARK [1][-]{section.2.2}{\376\377\000F\000o\000n\000d\000a\000s\000i\000\040\000A\000r\000s\000i\000t\000e\000k\000t\000u\000r\000:\000\040\000T\000r\000a\000n\000s\000f\000o\000r\000m\000e\000r\000\040\000d\000a\000n\000\040\000B\000E\000R\000T}{chapter.2}% 17
\BOOKMARK [2][-]{subsection.2.2.1}{\376\377\000A\000r\000s\000i\000t\000e\000k\000t\000u\000r\000\040\000T\000r\000a\000n\000s\000f\000o\000r\000m\000e\000r}{section.2.2}% 18
\BOOKMARK [2][-]{subsection.2.2.2}{\376\377\000B\000E\000R\000T\000\040\000d\000a\000n\000\040\000R\000e\000p\000r\000e\000s\000e\000n\000t\000a\000s\000i\000\040\000B\000i\000d\000i\000r\000e\000c\000t\000i\000o\000n\000a\000l}{section.2.2}% 19
\BOOKMARK [2][-]{subsection.2.2.3}{\376\377\000I\000n\000d\000o\000B\000E\000R\000T\000\040\000u\000n\000t\000u\000k\000\040\000B\000a\000h\000a\000s\000a\000\040\000I\000n\000d\000o\000n\000e\000s\000i\000a}{section.2.2}% 20
\BOOKMARK [2][-]{subsection.2.2.4}{\376\377\000E\000v\000o\000l\000u\000s\000i\000\040\000M\000e\000n\000u\000j\000u\000\040\000L\000a\000r\000g\000e\000\040\000L\000a\000n\000g\000u\000a\000g\000e\000\040\000M\000o\000d\000e\000l\000s}{section.2.2}% 21
\BOOKMARK [1][-]{section.2.3}{\376\377\000T\000e\000x\000t\000\040\000S\000u\000m\000m\000a\000r\000i\000z\000a\000t\000i\000o\000n\000\040\000d\000e\000n\000g\000a\000n\000\040\000L\000a\000r\000g\000e\000\040\000L\000a\000n\000g\000u\000a\000g\000e\000\040\000M\000o\000d\000e\000l\000s}{chapter.2}% 22
\BOOKMARK [2][-]{subsection.2.3.1}{\376\377\000P\000e\000r\000i\000n\000g\000k\000a\000s\000a\000n\000\040\000B\000e\000r\000b\000a\000s\000i\000s\000\040\000T\000r\000a\000n\000s\000f\000o\000r\000m\000e\000r}{section.2.3}% 23
\BOOKMARK [2][-]{subsection.2.3.2}{\376\377\000P\000e\000r\000i\000n\000g\000k\000a\000s\000a\000n\000\040\000M\000u\000l\000t\000i\000-\000D\000o\000k\000u\000m\000e\000n\000\040\000d\000a\000n\000\040\000S\000i\000n\000t\000e\000s\000i\000s\000\040\000I\000n\000f\000o\000r\000m\000a\000s\000i}{section.2.3}% 24
\BOOKMARK [2][-]{subsection.2.3.3}{\376\377\000P\000e\000r\000i\000n\000g\000k\000a\000s\000a\000n\000\040\000P\000e\000r\000c\000a\000k\000a\000p\000a\000n\000\040\000d\000a\000n\000\040\000D\000i\000a\000l\000o\000g}{section.2.3}% 25
\BOOKMARK [2][-]{subsection.2.3.4}{\376\377\000M\000e\000m\000o\000r\000i\000\040\000J\000a\000n\000g\000k\000a\000\040\000P\000a\000n\000j\000a\000n\000g\000\040\000d\000a\000l\000a\000m\000\040\000S\000i\000s\000t\000e\000m\000\040\000D\000i\000a\000l\000o\000g}{section.2.3}% 26
\BOOKMARK [2][-]{subsection.2.3.5}{\376\377\000M\000e\000t\000r\000i\000k\000\040\000E\000v\000a\000l\000u\000a\000s\000i\000\040\000u\000n\000t\000u\000k\000\040\000P\000e\000r\000i\000n\000g\000k\000a\000s\000a\000n}{section.2.3}% 27
\BOOKMARK [2][-]{subsection.2.3.6}{\376\377\000T\000a\000n\000t\000a\000n\000g\000a\000n\000\040\000I\000n\000f\000e\000r\000e\000n\000s\000i\000\040\000L\000L\000M\000\040\000d\000a\000l\000a\000m\000\040\000S\000i\000s\000t\000e\000m\000\040\000R\000e\000a\000l\000-\000T\000i\000m\000e}{section.2.3}% 28
\BOOKMARK [2][-]{subsection.2.3.7}{\376\377\000S\000t\000a\000n\000d\000a\000r\000\040\000L\000a\000t\000e\000n\000s\000i\000\040\000d\000a\000n\000\040\000K\000e\000t\000e\000r\000b\000a\000c\000a\000a\000n\000\040\000u\000n\000t\000u\000k\000\040\000S\000i\000s\000t\000e\000m\000\040\000R\000a\000n\000g\000k\000u\000m\000a\000n}{section.2.3}% 29
\BOOKMARK [1][-]{section.2.4}{\376\377\000A\000n\000a\000l\000i\000s\000i\000s\000\040\000T\000e\000k\000s\000\040\000F\000i\000n\000a\000n\000s\000i\000a\000l\000:\000\040\000S\000e\000n\000t\000i\000m\000e\000n\000,\000\040\000E\000m\000o\000s\000i\000,\000\040\000d\000a\000n\000\040\000E\000n\000t\000i\000t\000a\000s}{chapter.2}% 30
\BOOKMARK [2][-]{subsection.2.4.1}{\376\377\000M\000o\000d\000e\000l\000\040\000B\000a\000h\000a\000s\000a\000\040\000u\000n\000t\000u\000k\000\040\000A\000n\000a\000l\000i\000s\000i\000s\000\040\000S\000e\000n\000t\000i\000m\000e\000n\000\040\000I\000n\000d\000o\000n\000e\000s\000i\000a}{section.2.4}% 31
\BOOKMARK [2][-]{subsection.2.4.2}{\376\377\000A\000n\000a\000l\000i\000s\000i\000s\000\040\000S\000e\000n\000t\000i\000m\000e\000n\000\040\000D\000o\000m\000a\000i\000n\000\040\000F\000i\000n\000a\000n\000s\000i\000a\000l}{section.2.4}% 32
\BOOKMARK [2][-]{subsection.2.4.3}{\376\377\000K\000l\000a\000s\000i\000f\000i\000k\000a\000s\000i\000\040\000E\000m\000o\000s\000i\000\040\000v\000s\000\040\000S\000e\000n\000t\000i\000m\000e\000n\000\040\000u\000n\000t\000u\000k\000\040\000I\000n\000v\000e\000s\000t\000o\000r\000\040\000R\000i\000t\000e\000l}{section.2.4}% 33
\BOOKMARK [2][-]{subsection.2.4.4}{\376\377\000P\000e\000m\000a\000n\000f\000a\000a\000t\000a\000n\000\040\000S\000i\000n\000y\000a\000l\000\040\000K\000o\000m\000u\000n\000i\000t\000a\000s\000\040\000d\000a\000l\000a\000m\000\040\000P\000e\000r\000i\000n\000g\000k\000a\000s\000a\000n}{section.2.4}% 34
\BOOKMARK [2][-]{subsection.2.4.5}{\376\377\000N\000a\000m\000e\000d\000\040\000E\000n\000t\000i\000t\000y\000\040\000R\000e\000c\000o\000g\000n\000i\000t\000i\000o\000n\000\040\000u\000n\000t\000u\000k\000\040\000T\000e\000k\000s\000\040\000F\000i\000n\000a\000n\000s\000i\000a\000l\000\040\000I\000n\000d\000o\000n\000e\000s\000i\000a}{section.2.4}% 35
\BOOKMARK [2][-]{subsection.2.4.6}{\376\377\000S\000t\000a\000n\000d\000a\000r\000\040\000A\000k\000u\000r\000a\000s\000i\000\040\000N\000E\000R\000\040\000u\000n\000t\000u\000k\000\040\000D\000o\000m\000a\000i\000n\000\040\000F\000i\000n\000a\000n\000s\000i\000a\000l\000\040\000I\000n\000d\000o\000n\000e\000s\000i\000a}{section.2.4}% 36
\BOOKMARK [1][-]{section.2.5}{\376\377\000I\000n\000f\000r\000a\000s\000t\000r\000u\000k\000t\000u\000r\000\040\000S\000i\000s\000t\000e\000m\000:\000\040\000P\000l\000a\000t\000f\000o\000r\000m\000,\000\040\000A\000r\000s\000i\000t\000e\000k\000t\000u\000r\000,\000\040\000d\000a\000n\000\040\000P\000i\000p\000e\000l\000i\000n\000e}{chapter.2}% 37
\BOOKMARK [2][-]{subsection.2.5.1}{\376\377\000K\000a\000r\000a\000k\000t\000e\000r\000i\000s\000t\000i\000k\000\040\000P\000l\000a\000t\000f\000o\000r\000m\000\040\000T\000e\000l\000e\000g\000r\000a\000m}{section.2.5}% 38
\BOOKMARK [2][-]{subsection.2.5.2}{\376\377\000A\000r\000s\000i\000t\000e\000k\000t\000u\000r\000\040\000S\000i\000s\000t\000e\000m\000\040\000R\000e\000a\000l\000-\000t\000i\000m\000e\000\040\000d\000a\000n\000\040\000E\000v\000e\000n\000t\000-\000D\000r\000i\000v\000e\000n}{section.2.5}% 39
\BOOKMARK [2][-]{subsection.2.5.3}{\376\377\000K\000o\000m\000p\000o\000n\000e\000n\000\040\000A\000n\000a\000l\000i\000s\000i\000s\000\040\000A\000s\000i\000n\000k\000r\000o\000n\000:\000\040\000T\000o\000p\000i\000c\000\040\000M\000o\000d\000e\000l\000i\000n\000g\000\040\000d\000e\000n\000g\000a\000n\000\040\000B\000E\000R\000T\000o\000p\000i\000c}{section.2.5}% 40
\BOOKMARK [2][-]{subsection.2.5.4}{\376\377\000I\000n\000t\000e\000g\000r\000a\000s\000i\000\040\000P\000i\000p\000e\000l\000i\000n\000e\000\040\000d\000a\000n\000\040\000T\000a\000n\000t\000a\000n\000g\000a\000n\000n\000y\000a}{section.2.5}% 41
\BOOKMARK [1][-]{section.2.6}{\376\377\000P\000e\000n\000e\000l\000i\000t\000i\000a\000n\000\040\000B\000a\000s\000i\000s\000\040\000U\000t\000a\000m\000a}{chapter.2}% 42
\BOOKMARK [2][-]{subsection.2.6.1}{\376\377\000B\000E\000R\000T\000o\000p\000i\000c\000\040\000u\000n\000t\000u\000k\000\040\000T\000o\000p\000i\000c\000\040\000M\000o\000d\000e\000l\000i\000n\000g\000\040\000T\000e\000k\000s\000\040\000M\000e\000d\000i\000a\000\040\000S\000o\000s\000i\000a\000l}{section.2.6}% 43
\BOOKMARK [2][-]{subsection.2.6.2}{\376\377\000W\000e\000i\000g\000h\000t\000e\000d\000\040\000I\000n\000f\000l\000u\000e\000n\000c\000e\000\040\000S\000y\000s\000t\000e\000m\000\040\000d\000a\000r\000i\000\040\000A\000n\000a\000l\000i\000s\000i\000s\000\040\000S\000e\000n\000t\000i\000m\000e\000n\000\040\000M\000e\000d\000i\000a\000\040\000S\000o\000s\000i\000a\000l}{section.2.6}% 44
\BOOKMARK [2][-]{subsection.2.6.3}{\376\377\000P\000e\000r\000i\000n\000g\000k\000a\000s\000a\000n\000\040\000P\000e\000r\000c\000a\000k\000a\000p\000a\000n\000\040\000S\000t\000r\000u\000c\000t\000u\000r\000e\000-\000A\000w\000a\000r\000e}{section.2.6}% 45
\BOOKMARK [2][-]{subsection.2.6.4}{\376\377\000J\000u\000s\000t\000i\000f\000i\000k\000a\000s\000i\000\040\000P\000e\000m\000i\000l\000i\000h\000a\000n\000\040\000d\000a\000n\000\040\000I\000n\000t\000e\000g\000r\000a\000s\000i}{section.2.6}% 46
\BOOKMARK [1][-]{section.2.7}{\376\377\000K\000o\000n\000t\000e\000k\000s\000\040\000P\000e\000n\000e\000l\000i\000t\000i\000a\000n\000:\000\040\000K\000o\000m\000u\000n\000i\000t\000a\000s\000\040\000T\000e\000l\000e\000g\000r\000a\000m\000\040\000M\000i\000c\000h\000a\000e\000l\000\040\000Y\000e\000o\000h}{chapter.2}% 47
\BOOKMARK [2][-]{subsection.2.7.1}{\376\377\000M\000o\000d\000e\000l\000\040\000K\000o\000n\000s\000e\000p\000t\000u\000a\000l\000\040\000S\000i\000s\000t\000e\000m\000\040\000K\000o\000m\000u\000n\000i\000k\000a\000s\000i\000\040\000K\000o\000m\000u\000n\000i\000t\000a\000s}{section.2.7}% 48
\BOOKMARK [2][-]{subsection.2.7.2}{\376\377\000I\000m\000p\000l\000i\000k\000a\000s\000i\000\040\000u\000n\000t\000u\000k\000\040\000D\000e\000s\000a\000i\000n\000\040\000S\000i\000s\000t\000e\000m\000\040\000R\000a\000n\000g\000k\000u\000m\000a\000n\000\040\000O\000t\000o\000m\000a\000t\000i\000s}{section.2.7}% 49
\BOOKMARK [0][-]{chapter.3}{\376\377\000A\000N\000A\000L\000I\000S\000I\000S\000\040\000M\000A\000S\000A\000L\000A\000H}{}% 50
\BOOKMARK [1][-]{section.3.1}{\376\377\000I\000d\000e\000n\000t\000i\000f\000i\000k\000a\000s\000i\000\040\000M\000a\000s\000a\000l\000a\000h}{chapter.3}% 51
\BOOKMARK [2][-]{subsection.3.1.1}{\376\377\000I\000n\000f\000o\000r\000m\000a\000t\000i\000o\000n\000\040\000O\000v\000e\000r\000l\000o\000a\000d\000\040\000d\000i\000\040\000G\000r\000u\000p\000\040\000P\000r\000e\000m\000i\000u\000m}{section.3.1}% 52
\BOOKMARK [2][-]{subsection.3.1.2}{\376\377\000F\000r\000a\000g\000m\000e\000n\000t\000a\000s\000i\000\040\000I\000n\000f\000o\000r\000m\000a\000s\000i\000\040\000d\000a\000n\000\040\000K\000e\000t\000e\000r\000b\000a\000t\000a\000s\000a\000n\000\040\000K\000o\000g\000n\000i\000t\000i\000f}{section.3.1}% 53
\BOOKMARK [1][-]{section.3.2}{\376\377\000A\000n\000a\000l\000i\000s\000i\000s\000\040\000K\000e\000b\000u\000t\000u\000h\000a\000n}{chapter.3}% 54
\BOOKMARK [2][-]{subsection.3.2.1}{\376\377\000I\000d\000e\000n\000t\000i\000f\000i\000k\000a\000s\000i\000\040\000S\000t\000a\000k\000e\000h\000o\000l\000d\000e\000r\000\040\000d\000a\000n\000\040\000P\000a\000i\000n\000\040\000P\000o\000i\000n\000t\000s}{section.3.2}% 55
\BOOKMARK [3][-]{subsubsection.3.2.1.1}{\376\377\000A\000n\000g\000g\000o\000t\000a\000\040\000G\000r\000u\000p\000\040\000P\000I\000R\000A\000N\000H\000A\000\040\000\050\000T\000a\000r\000g\000e\000t\000\040\000P\000r\000i\000m\000e\000r\000\051}{subsection.3.2.1}% 56
\BOOKMARK [3][-]{subsubsection.3.2.1.2}{\376\377\000A\000n\000g\000g\000o\000t\000a\000\040\000G\000r\000u\000p\000\040\000A\000d\000v\000a\000n\000c\000e\000d\000\040\000\050\000T\000a\000r\000g\000e\000t\000\040\000S\000e\000k\000u\000n\000d\000e\000r\000\051}{subsection.3.2.1}% 57
\BOOKMARK [3][-]{subsubsection.3.2.1.3}{\376\377\000A\000n\000g\000g\000o\000t\000a\000\040\000C\000u\000a\000p\000\040\000C\000u\000a\000p\000\040\000d\000a\000n\000\040\000S\000w\000i\000n\000g\000\040\000P\000l\000a\000n}{subsection.3.2.1}% 58
\BOOKMARK [3][-]{subsubsection.3.2.1.4}{\376\377\000M\000i\000c\000h\000a\000e\000l\000\040\000Y\000e\000o\000h\000\040\000d\000a\000n\000\040\000T\000i\000m\000\040\000A\000d\000m\000i\000n\000i\000s\000t\000r\000a\000t\000o\000r}{subsection.3.2.1}% 59
\BOOKMARK [2][-]{subsection.3.2.2}{\376\377\000K\000e\000b\000u\000t\000u\000h\000a\000n\000\040\000F\000u\000n\000g\000s\000i\000o\000n\000a\000l}{section.3.2}% 60
\BOOKMARK [2][-]{subsection.3.2.3}{\376\377\000K\000e\000b\000u\000t\000u\000h\000a\000n\000\040\000N\000o\000n\000-\000F\000u\000n\000g\000s\000i\000o\000n\000a\000l}{section.3.2}% 61
\BOOKMARK [1][-]{section.3.3}{\376\377\000A\000n\000a\000l\000i\000s\000i\000s\000\040\000A\000l\000t\000e\000r\000n\000a\000t\000i\000f\000\040\000S\000o\000l\000u\000s\000i}{chapter.3}% 62
\BOOKMARK [2][-]{subsection.3.3.1}{\376\377\000A\000l\000t\000e\000r\000n\000a\000t\000i\000f\000\040\000P\000e\000n\000d\000e\000k\000a\000t\000a\000n\000\040\000u\000n\000t\000u\000k\000\040\000M\000e\000r\000e\000d\000u\000k\000s\000i\000\040\000I\000n\000f\000o\000r\000m\000a\000t\000i\000o\000n\000\040\000O\000v\000e\000r\000l\000o\000a\000d}{section.3.3}% 63
\BOOKMARK [3][-]{subsubsection.3.3.1.1}{\376\377\000A\000l\000t\000e\000r\000n\000a\000t\000i\000f\000\040\0001\000:\000\040\000E\000k\000s\000p\000a\000n\000s\000i\000\040\000M\000a\000n\000u\000a\000l\000\040\000C\000u\000r\000a\000t\000i\000o\000n\000\040\000\050\000S\000t\000a\000t\000u\000s\000\040\000Q\000u\000o\000\040\000y\000a\000n\000g\000\040\000D\000i\000t\000i\000n\000g\000k\000a\000t\000k\000a\000n\000\051}{subsection.3.3.1}% 64
\BOOKMARK [3][-]{subsubsection.3.3.1.2}{\376\377\000A\000l\000t\000e\000r\000n\000a\000t\000i\000f\000\040\0002\000:\000\040\000B\000o\000t\000\040\000F\000i\000l\000t\000e\000r\000\040\000B\000e\000r\000b\000a\000s\000i\000s\000\040\000A\000t\000u\000r\000a\000n\000\040\000\050\000R\000u\000l\000e\000-\000B\000a\000s\000e\000d\000\040\000K\000e\000y\000w\000o\000r\000d\000\040\000B\000o\000t\000\051}{subsection.3.3.1}% 65
\BOOKMARK [3][-]{subsubsection.3.3.1.3}{\376\377\000A\000l\000t\000e\000r\000n\000a\000t\000i\000f\000\040\0003\000:\000\040\000B\000o\000t\000\040\000R\000a\000n\000g\000k\000u\000m\000a\000n\000\040\000B\000e\000r\000b\000a\000s\000i\000s\000\040\000A\000I\000\040\000d\000e\000n\000g\000a\000n\000\040\000N\000L\000P\000\040\000K\000h\000u\000s\000u\000s\000\040\000D\000o\000m\000a\000i\000n}{subsection.3.3.1}% 66
\BOOKMARK [3][-]{subsubsection.3.3.1.4}{\376\377\000A\000l\000t\000e\000r\000n\000a\000t\000i\000f\000\040\0004\000:\000\040\000S\000o\000l\000u\000s\000i\000\040\000S\000a\000a\000S\000\040\000G\000e\000n\000e\000r\000i\000c\000\040\000d\000e\000n\000g\000a\000n\000\040\000L\000L\000M\000\040\000T\000h\000i\000r\000d\000-\000P\000a\000r\000t\000y}{subsection.3.3.1}% 67
\BOOKMARK [2][-]{subsection.3.3.2}{\376\377\000A\000n\000a\000l\000i\000s\000i\000s\000\040\000P\000e\000m\000i\000l\000i\000h\000a\000n\000\040\000S\000o\000l\000u\000s\000i}{section.3.3}% 68
\BOOKMARK [0][-]{chapter.4}{\376\377\000D\000E\000S\000A\000I\000N\000\040\000K\000O\000N\000S\000E\000P\000\040\000S\000O\000L\000U\000S\000I}{}% 69
\BOOKMARK [1][-]{section.4.1}{\376\377\000P\000e\000r\000b\000a\000n\000d\000i\000n\000g\000a\000n\000\040\000S\000i\000s\000t\000e\000m\000\040\000S\000a\000a\000t\000\040\000I\000n\000i\000\040\000d\000e\000n\000g\000a\000n\000\040\000S\000i\000s\000t\000e\000m\000\040\000y\000a\000n\000g\000\040\000D\000i\000u\000s\000u\000l\000k\000a\000n}{chapter.4}% 70
\BOOKMARK [2][-]{subsection.4.1.1}{\376\377\000M\000o\000d\000e\000l\000\040\000K\000o\000n\000s\000e\000p\000t\000u\000a\000l\000\040\000S\000i\000s\000t\000e\000m\000\040\000S\000a\000a\000t\000\040\000I\000n\000i\000\040\000\050\000B\000e\000f\000o\000r\000e\000\051}{section.4.1}% 71
\BOOKMARK [2][-]{subsection.4.1.2}{\376\377\000M\000o\000d\000e\000l\000\040\000K\000o\000n\000s\000e\000p\000t\000u\000a\000l\000\040\000S\000i\000s\000t\000e\000m\000\040\000y\000a\000n\000g\000\040\000D\000i\000u\000s\000u\000l\000k\000a\000n\000\040\000\050\000A\000f\000t\000e\000r\000\051}{section.4.1}% 72
\BOOKMARK [1][-]{section.4.2}{\376\377\000K\000o\000m\000p\000o\000n\000e\000n\000\040\000U\000t\000a\000m\000a\000\040\000S\000i\000s\000t\000e\000m\000\040\000y\000a\000n\000g\000\040\000D\000i\000u\000s\000u\000l\000k\000a\000n}{chapter.4}% 73
\BOOKMARK [2][-]{subsection.4.2.1}{\376\377\000W\000e\000i\000g\000h\000t\000e\000d\000\040\000I\000n\000f\000l\000u\000e\000n\000c\000e\000\040\000S\000y\000s\000t\000e\000m}{section.4.2}% 74
\BOOKMARK [2][-]{subsection.4.2.2}{\376\377\000N\000a\000m\000e\000d\000\040\000E\000n\000t\000i\000t\000y\000\040\000R\000e\000c\000o\000g\000n\000i\000t\000i\000o\000n\000\040\000\050\000N\000E\000R\000\051}{section.4.2}% 75
\BOOKMARK [2][-]{subsection.4.2.3}{\376\377\000K\000l\000a\000s\000i\000f\000i\000k\000a\000s\000i\000\040\000E\000m\000o\000s\000i}{section.4.2}% 76
\BOOKMARK [2][-]{subsection.4.2.4}{\376\377\000T\000o\000p\000i\000c\000\040\000M\000o\000d\000e\000l\000i\000n\000g\000\040\000d\000e\000n\000g\000a\000n\000\040\000B\000E\000R\000T\000o\000p\000i\000c}{section.4.2}% 77
\BOOKMARK [2][-]{subsection.4.2.5}{\376\377\000A\000g\000r\000e\000g\000a\000s\000i\000\040\000D\000a\000t\000a\000\040\000d\000e\000n\000g\000a\000n\000\040\000W\000e\000i\000g\000h\000t\000e\000d\000\040\000I\000n\000f\000l\000u\000e\000n\000c\000e}{section.4.2}% 78
\BOOKMARK [2][-]{subsection.4.2.6}{\376\377\000G\000e\000n\000e\000r\000a\000s\000i\000\040\000R\000a\000n\000g\000k\000u\000m\000a\000n\000\040\000d\000e\000n\000g\000a\000n\000\040\000L\000a\000r\000g\000e\000\040\000L\000a\000n\000g\000u\000a\000g\000e\000\040\000M\000o\000d\000e\000l}{section.4.2}% 79
\BOOKMARK [2][-]{subsection.4.2.7}{\376\377\000P\000e\000r\000l\000i\000n\000d\000u\000n\000g\000a\000n\000\040\000P\000r\000i\000v\000a\000s\000i\000\040\000d\000a\000n\000\040\000B\000a\000s\000i\000s\000\040\000D\000a\000t\000a}{section.4.2}% 80
\BOOKMARK [1][-]{section.4.3}{\376\377\000A\000l\000i\000r\000a\000n\000\040\000D\000a\000t\000a\000\040\000d\000a\000n\000\040\000P\000r\000o\000s\000e\000s\000\040\000O\000p\000e\000r\000a\000s\000i\000o\000n\000a\000l}{chapter.4}% 81
\BOOKMARK [2][-]{subsection.4.3.1}{\376\377\000A\000l\000i\000r\000a\000n\000\040\000D\000a\000t\000a\000\040\000E\000n\000d\000-\000t\000o\000-\000E\000n\000d}{section.4.3}% 82
\BOOKMARK [2][-]{subsection.4.3.2}{\376\377\000J\000a\000d\000w\000a\000l\000\040\000O\000p\000e\000r\000a\000s\000i\000o\000n\000a\000l}{section.4.3}% 83
\BOOKMARK [1][-]{section.4.4}{\376\377\000P\000e\000r\000b\000e\000d\000a\000a\000n\000\040\000K\000u\000n\000c\000i\000\040\000d\000e\000n\000g\000a\000n\000\040\000S\000i\000s\000t\000e\000m\000\040\000S\000a\000a\000t\000\040\000I\000n\000i}{chapter.4}% 84
\BOOKMARK [1][-]{section.4.5}{\376\377\000N\000i\000l\000a\000i\000\040\000P\000r\000o\000p\000o\000s\000i\000s\000i\000\040\000d\000a\000n\000\040\000E\000x\000p\000e\000c\000t\000e\000d\000\040\000O\000u\000t\000c\000o\000m\000e\000s}{chapter.4}% 85
\BOOKMARK [2][-]{subsection.4.5.1}{\376\377\000U\000n\000t\000u\000k\000\040\000A\000n\000g\000g\000o\000t\000a\000\040\000P\000I\000R\000A\000N\000H\000A\000\040\000\050\000T\000a\000r\000g\000e\000t\000\040\000P\000r\000i\000m\000e\000r\000\051}{section.4.5}% 86
\BOOKMARK [2][-]{subsection.4.5.2}{\376\377\000U\000n\000t\000u\000k\000\040\000A\000n\000g\000g\000o\000t\000a\000\040\000A\000d\000v\000a\000n\000c\000e\000d\000\040\000\050\000T\000a\000r\000g\000e\000t\000\040\000S\000e\000k\000u\000n\000d\000e\000r\000\051}{section.4.5}% 87
\BOOKMARK [2][-]{subsection.4.5.3}{\376\377\000U\000n\000t\000u\000k\000\040\000M\000i\000c\000h\000a\000e\000l\000\040\000Y\000e\000o\000h\000\040\000d\000a\000n\000\040\000A\000d\000m\000i\000n\000i\000s\000t\000r\000a\000t\000o\000r}{section.4.5}% 88
\BOOKMARK [2][-]{subsection.4.5.4}{\376\377\000E\000x\000p\000e\000c\000t\000e\000d\000\040\000O\000u\000t\000c\000o\000m\000e\000s}{section.4.5}% 89
\BOOKMARK [0][-]{chapter.5}{\376\377\000R\000E\000N\000C\000A\000N\000A\000\040\000S\000E\000L\000A\000N\000J\000U\000T\000N\000Y\000A}{}% 90
\BOOKMARK [1][-]{section.5.1}{\376\377\000R\000e\000n\000c\000a\000n\000a\000\040\000I\000m\000p\000l\000e\000m\000e\000n\000t\000a\000s\000i\000\040\000S\000i\000s\000t\000e\000m}{chapter.5}% 91
\BOOKMARK [2][-]{subsection.5.1.1}{\376\377\000L\000i\000n\000g\000k\000u\000n\000g\000a\000n\000\040\000P\000e\000n\000g\000e\000m\000b\000a\000n\000g\000a\000n}{section.5.1}% 92
\BOOKMARK [2][-]{subsection.5.1.2}{\376\377\000A\000l\000a\000t\000\040\000d\000a\000n\000\040\000B\000a\000h\000a\000n\000\040\000y\000a\000n\000g\000\040\000D\000i\000p\000e\000r\000l\000u\000k\000a\000n}{section.5.1}% 93
\BOOKMARK [3][-]{subsubsection.5.1.2.1}{\376\377\000A\000P\000I\000\040\000d\000a\000n\000\040\000L\000a\000y\000a\000n\000a\000n\000\040\000E\000k\000s\000t\000e\000r\000n\000a\000l}{subsection.5.1.2}% 94
\BOOKMARK [3][-]{subsubsection.5.1.2.2}{\376\377\000M\000o\000d\000e\000l\000\040\000N\000L\000P\000\040\000d\000a\000n\000\040\000L\000i\000b\000r\000a\000r\000y}{subsection.5.1.2}% 95
\BOOKMARK [2][-]{subsection.5.1.3}{\376\377\000T\000a\000h\000a\000p\000a\000n\000\040\000I\000m\000p\000l\000e\000m\000e\000n\000t\000a\000s\000i}{section.5.1}% 96
\BOOKMARK [3][-]{subsubsection.5.1.3.1}{\376\377\000F\000a\000s\000e\000\040\0001\000:\000\040\000P\000e\000n\000g\000e\000m\000b\000a\000n\000g\000a\000n\000\040\000S\000i\000s\000t\000e\000m\000\040\000I\000n\000t\000i}{subsection.5.1.3}% 97
\BOOKMARK [3][-]{subsubsection.5.1.3.2}{\376\377\000F\000a\000s\000e\000\040\0002\000:\000\040\000P\000e\000n\000g\000u\000j\000i\000a\000n\000\040\000I\000n\000t\000e\000r\000n\000a\000l\000\040\000d\000a\000n\000\040\000I\000t\000e\000r\000a\000s\000i}{subsection.5.1.3}% 98
\BOOKMARK [3][-]{subsubsection.5.1.3.3}{\376\377\000F\000a\000s\000e\000\040\0003\000:\000\040\000E\000v\000a\000l\000u\000a\000s\000i\000\040\000A\000h\000l\000i}{subsection.5.1.3}% 99
\BOOKMARK [3][-]{subsubsection.5.1.3.4}{\376\377\000F\000a\000s\000e\000\040\0004\000:\000\040\000P\000e\000n\000g\000u\000j\000i\000a\000n\000\040\000B\000e\000t\000a\000\040\000d\000e\000n\000g\000a\000n\000\040\000P\000e\000n\000g\000g\000u\000n\000a}{subsection.5.1.3}% 100
\BOOKMARK [2][-]{subsection.5.1.4}{\376\377\000E\000s\000t\000i\000m\000a\000s\000i\000\040\000B\000i\000a\000y\000a\000\040\000O\000p\000e\000r\000a\000s\000i\000o\000n\000a\000l}{section.5.1}% 101
\BOOKMARK [1][-]{section.5.2}{\376\377\000R\000e\000n\000c\000a\000n\000a\000\040\000P\000e\000n\000g\000u\000j\000i\000a\000n\000\040\000d\000a\000n\000\040\000E\000v\000a\000l\000u\000a\000s\000i}{chapter.5}% 102
\BOOKMARK [2][-]{subsection.5.2.1}{\376\377\000P\000e\000n\000g\000u\000j\000i\000a\000n\000\040\000T\000e\000k\000n\000i\000s}{section.5.2}% 103
\BOOKMARK [3][-]{subsubsection.5.2.1.1}{\376\377\000P\000e\000n\000g\000u\000j\000i\000a\000n\000\040\000A\000k\000u\000r\000a\000s\000i\000\040\000N\000a\000m\000e\000d\000\040\000E\000n\000t\000i\000t\000y\000\040\000R\000e\000c\000o\000g\000n\000i\000t\000i\000o\000n}{subsection.5.2.1}% 104
\BOOKMARK [3][-]{subsubsection.5.2.1.2}{\376\377\000E\000v\000a\000l\000u\000a\000s\000i\000\040\000K\000o\000h\000e\000r\000e\000n\000s\000i\000\040\000T\000o\000p\000i\000k}{subsection.5.2.1}% 105
\BOOKMARK [3][-]{subsubsection.5.2.1.3}{\376\377\000P\000e\000n\000g\000u\000k\000u\000r\000a\000n\000\040\000R\000e\000s\000p\000o\000n\000s\000e\000\040\000T\000i\000m\000e}{subsection.5.2.1}% 106
\BOOKMARK [2][-]{subsection.5.2.2}{\376\377\000E\000v\000a\000l\000u\000a\000s\000i\000\040\000P\000e\000n\000g\000g\000u\000n\000a}{section.5.2}% 107
\BOOKMARK [3][-]{subsubsection.5.2.2.1}{\376\377\000M\000e\000t\000o\000d\000o\000l\000o\000g\000i\000\040\000S\000u\000r\000v\000e\000i}{subsection.5.2.2}% 108
\BOOKMARK [3][-]{subsubsection.5.2.2.2}{\376\377\000E\000v\000a\000l\000u\000a\000s\000i\000\040\000A\000h\000l\000i}{subsection.5.2.2}% 109
\BOOKMARK [2][-]{subsection.5.2.3}{\376\377\000K\000r\000i\000t\000e\000r\000i\000a\000\040\000K\000e\000b\000e\000r\000h\000a\000s\000i\000l\000a\000n\000\040\000S\000i\000s\000t\000e\000m}{section.5.2}% 110
\BOOKMARK [1][-]{section.5.3}{\376\377\000A\000n\000a\000l\000i\000s\000i\000s\000\040\000R\000i\000s\000i\000k\000o\000\040\000d\000a\000n\000\040\000M\000i\000t\000i\000g\000a\000s\000i}{chapter.5}% 111
\BOOKMARK [2][-]{subsection.5.3.1}{\376\377\000R\000i\000s\000i\000k\000o\000\040\000T\000e\000k\000n\000i\000s}{section.5.3}% 112
\BOOKMARK [2][-]{subsection.5.3.2}{\376\377\000R\000i\000s\000i\000k\000o\000\040\000N\000o\000n\000-\000T\000e\000k\000n\000i\000s}{section.5.3}% 113
\BOOKMARK [2][-]{subsection.5.3.3}{\376\377\000S\000t\000r\000a\000t\000e\000g\000i\000\040\000M\000i\000t\000i\000g\000a\000s\000i\000\040\000U\000m\000u\000m}{section.5.3}% 114
